// Jest Snapshot v1, https://goo.gl/fbAQLP

exports[`type compound 1`] = `
{
  "groupId": {
    "_compositeGetters": [
      [Function],
    ],
    "default": "",
    "getKeyPaths": [Function],
    "getPropPath": [Function],
    "kind": "scalar",
    "primKey": true,
    "primitive": true,
    "type": [Function],
    "typeName": "String",
  },
  "userId": {
    "default": 0,
    "getKeyPaths": [Function],
    "getPropPath": [Function],
    "kind": "scalar",
    "primitive": true,
    "type": [Function],
    "typeName": "Number",
  },
}
`;

exports[`type entity types 1`] = `
{
  "age": {
    "default": 0,
    "getKeyPaths": [Function],
    "getPropPath": [Function],
    "kind": "scalar",
    "primitive": true,
    "type": [Function],
    "typeName": "Number",
  },
  "age2": {
    "default": 100,
    "getKeyPaths": [Function],
    "getPropPath": [Function],
    "kind": "scalar",
    "primitive": true,
    "type": [Function],
    "typeName": "Number",
  },
  "apa": {
    "childProps": {
      "foo": {
        "default": 0n,
        "getKeyPaths": [Function],
        "getPropPath": [Function],
        "kind": "scalar",
        "primitive": true,
        "type": [Function],
        "typeName": "BigInt",
      },
    },
    "default": Apa {
      "foo": 0n,
    },
    "getKeyPaths": [Function],
    "getPropPath": [Function],
    "kind": "object",
    "primitive": false,
    "type": [Function],
    "typeName": "Apa",
  },
  "id": {
    "default": 0,
    "getKeyPaths": [Function],
    "getPropPath": [Function],
    "kind": "scalar",
    "primKey": true,
    "primitive": true,
    "type": [Function],
    "typeName": "Number",
  },
  "name": {
    "default": "",
    "getKeyPaths": [Function],
    "getPropPath": [Function],
    "kind": "scalar",
    "primitive": true,
    "type": [Function],
    "typeName": "String",
  },
  "nameAndAge": {
    "default": [
      "",
      0,
    ],
    "getKeyPaths": [Function],
    "getPropPath": [Function],
    "kind": "tuple",
    "primitive": false,
    "tupleTypes": [
      {
        "default": "",
        "getKeyPaths": [Function],
        "getPropPath": [Function],
        "kind": "scalar",
        "primitive": true,
        "type": [Function],
        "typeName": "String",
      },
      {
        "default": 0,
        "getKeyPaths": [Function],
        "getPropPath": [Function],
        "kind": "scalar",
        "primitive": true,
        "type": [Function],
        "typeName": "Number",
      },
    ],
    "type": [Function],
    "typeName": "Array",
  },
  "nameAngAge2": {
    "default": [
      {
        "default": "Hej",
        "getKeyPaths": [Function],
        "getPropPath": [Function],
        "kind": "scalar",
        "primitive": true,
        "type": [Function],
        "typeName": "String",
      },
      {
        "default": 99,
        "getKeyPaths": [Function],
        "getPropPath": [Function],
        "kind": "scalar",
        "primitive": true,
        "type": [Function],
        "typeName": "Number",
      },
    ],
    "getKeyPaths": [Function],
    "getPropPath": [Function],
    "kind": "tuple",
    "primitive": false,
    "tupleTypes": [
      {
        "default": "Hej",
        "getKeyPaths": [Function],
        "getPropPath": [Function],
        "kind": "scalar",
        "primitive": true,
        "type": [Function],
        "typeName": "String",
      },
      {
        "default": 99,
        "getKeyPaths": [Function],
        "getPropPath": [Function],
        "kind": "scalar",
        "primitive": true,
        "type": [Function],
        "typeName": "Number",
      },
    ],
    "type": [Function],
    "typeName": "Array",
  },
  "tags": {
    "default": [],
    "getKeyPaths": [Function],
    "getPropPath": [Function],
    "itemType": {
      "default": "",
      "getKeyPaths": [Function],
      "getPropPath": [Function],
      "kind": "scalar",
      "primitive": true,
      "type": [Function],
      "typeName": "String",
    },
    "kind": "array",
    "primitive": false,
    "type": [Function],
    "typeName": "Array",
  },
  "tags2": {
    "default": [
      "hej",
    ],
    "getKeyPaths": [Function],
    "getPropPath": [Function],
    "itemType": {
      "default": "",
      "getKeyPaths": [Function],
      "getPropPath": [Function],
      "kind": "scalar",
      "primitive": true,
      "type": [Function],
      "typeName": "String",
    },
    "kind": "array",
    "primitive": false,
    "type": [Function],
    "typeName": "Array",
  },
}
`;
